// Jest Snapshot v1, https://goo.gl/fbAQLP

exports[`<TextField /> should match the snapshot 1`] = `
<div
  className={undefined}
  style={
    Object {
      "backgroundColor": "transparent",
      "boxSizing": "border-box",
      "cursor": "auto",
      "display": "inline-block",
      "fontFamily": "\\"Lato\\", Helvetica, Arial, sans-serif",
      "fontSize": 16,
      "height": "40px",
      "lineHeight": "24px",
      "muiPrepared": true,
      "position": "relative",
      "transition": "height 200ms cubic-bezier(0.23, 1, 0.32, 1) 0ms",
      "width": 256,
    }
  }
>
  <input
    disabled={false}
    id="jest-undefined-undefined-6667"
    name="jest"
    onBlur={[Function]}
    onChange={[Function]}
    onFocus={[Function]}
    style={
      Object {
        "WebkitTapHighlightColor": "rgba(0,0,0,0)",
        "WebkitTextFillColor": "#555555",
        "appearance": "textfield",
        "backgroundColor": "rgba(0,0,0,0)",
        "border": "2px solid #C3C8C8",
        "boxSizing": "border-box",
        "color": "#555555",
        "cursor": "inherit",
        "font": "inherit",
        "fontSize": 14,
        "height": "40px",
        "lineHeight": 0,
        "muiPrepared": true,
        "outline": "none",
        "padding": 0,
        "paddingLeft": 5,
        "paddingRight": 0,
        "position": "relative",
        "width": "100%",
      }
    }
    type="text"
  />
  <div>
    <hr
      aria-hidden="true"
      style={
        Object {
          "border": "none",
          "borderBottom": "solid 1px",
          "borderColor": "#e0e0e0",
          "borderLeft": "none",
          "borderRight": "none",
          "borderTop": "none",
          "bottom": 8,
          "boxSizing": "content-box",
          "margin": 0,
          "muiPrepared": true,
          "position": "absolute",
          "width": "100%",
        }
      }
    />
    <hr
      aria-hidden="true"
      style={
        Object {
          "border": "2px solid #40acc3",
          "borderBottom": "solid 2px",
          "borderColor": "#00bcd4",
          "borderLeft": "none",
          "borderRadius": "3px",
          "borderRight": "none",
          "borderTop": "none",
          "bottom": 8,
          "boxSizing": "border-box",
          "height": "40px",
          "margin": 0,
          "muiPrepared": true,
          "position": "absolute",
          "top": 0,
          "transform": "scaleX(0)",
          "transition": "all 450ms cubic-bezier(0.23, 1, 0.32, 1) 0ms",
          "width": "100%",
          "zIndex": "4",
        }
      }
    />
  </div>
</div>
`;
